2026-09-11 10:09:25.943 -03:00 [INF]  HealthChecks.UI.Core.HostedService.UIInitializationHostedService: Initializing UI Database
2026-09-11 10:09:26.390 -03:00 [INF]  HealthChecks.UI.Core.HostedService.UIInitializationHostedService: Saving healthchecks configuration to database
2026-09-11 10:09:29.400 -03:00 [WRN] e9a4a5f3-8abb-4df8-8714-aca93e7369b5 Microsoft.AspNetCore.HttpsPolicy.HttpsRedirectionMiddleware: Failed to determine the https port for redirect.
2026-09-11 10:09:29.421 -03:00 [INF] e9a4a5f3-8abb-4df8-8714-aca93e7369b5 VetFlow.API.Security.ApiKeyAuthenticationHandler: ApiKey was not authenticated. Failure message: Header 'X-Api-Key' ausente.
2026-09-11 10:09:29.553 -03:00 [INF] e9a4a5f3-8abb-4df8-8714-aca93e7369b5 Serilog.AspNetCore.RequestLoggingMiddleware: HTTP GET /health responded 200 in 241.3659 ms
2026-09-11 10:09:38.252 -03:00 [INF] c9bf1b8f-244f-41e7-9010-cb7c1ffb734e VetFlow.API.Security.ApiKeyAuthenticationHandler: ApiKey was not authenticated. Failure message: Header 'X-Api-Key' ausente.
2026-09-11 10:09:38.271 -03:00 [INF] c9bf1b8f-244f-41e7-9010-cb7c1ffb734e Serilog.AspNetCore.RequestLoggingMiddleware: HTTP GET /swagger responded 404 in 36.9053 ms
2026-09-11 10:09:39.407 -03:00 [INF] aa2433ce-3ed9-4551-82f2-f84a28ecc68c VetFlow.API.Security.ApiKeyAuthenticationHandler: ApiKey was not authenticated. Failure message: Header 'X-Api-Key' ausente.
2026-09-11 10:09:39.429 -03:00 [INF] aa2433ce-3ed9-4551-82f2-f84a28ecc68c Serilog.AspNetCore.RequestLoggingMiddleware: HTTP GET /swagger responded 404 in 40.6999 ms
2026-09-11 10:09:40.412 -03:00 [INF] 674aafb5-7d8e-4fd9-b883-c8bcb3121e0c VetFlow.API.Security.ApiKeyAuthenticationHandler: ApiKey was not authenticated. Failure message: Header 'X-Api-Key' ausente.
2026-09-11 10:09:40.422 -03:00 [INF] 674aafb5-7d8e-4fd9-b883-c8bcb3121e0c Serilog.AspNetCore.RequestLoggingMiddleware: HTTP GET /swagger responded 404 in 10.7470 ms
2026-09-11 10:09:44.616 -03:00 [INF] 978fb283-fa87-4356-8f3b-fad06a3dfb84 Serilog.AspNetCore.RequestLoggingMiddleware: HTTP GET /index.html responded 200 in 303.1531 ms
2026-09-11 10:09:44.646 -03:00 [INF] c5fd29c5-fa26-4080-951a-b7db78d5a213 Serilog.AspNetCore.RequestLoggingMiddleware: HTTP GET /index.js responded 200 in 1.8041 ms
2026-09-11 10:09:45.304 -03:00 [INF] 32cdc7c9-0f25-4028-9f1d-b38ca1577396 Serilog.AspNetCore.RequestLoggingMiddleware: HTTP GET /swagger/v1/swagger.json responded 200 in 418.6048 ms
2026-09-11 10:10:00.082 -03:00 [INF] 44d32016-37cb-4d67-856b-92babb56f913 VetFlow.API.Security.ApiKeyAuthenticationHandler: ApiKey was not authenticated. Failure message: Header 'X-Api-Key' ausente.
2026-09-11 10:10:00.103 -03:00 [INF] 44d32016-37cb-4d67-856b-92babb56f913 Serilog.AspNetCore.RequestLoggingMiddleware: HTTP GET /health responded 200 in 22.4537 ms
2026-09-11 10:10:30.186 -03:00 [INF] 50c8c441-83fb-4c10-93cc-f3ee5eeff941 VetFlow.API.Security.ApiKeyAuthenticationHandler: ApiKey was not authenticated. Failure message: Header 'X-Api-Key' ausente.
2026-09-11 10:10:30.194 -03:00 [INF] 50c8c441-83fb-4c10-93cc-f3ee5eeff941 Serilog.AspNetCore.RequestLoggingMiddleware: HTTP GET /health responded 200 in 8.0622 ms
2026-09-11 10:11:17.462 -03:00 [INF]  HealthChecks.UI.Core.HostedService.UIInitializationHostedService: Initializing UI Database
2026-09-11 10:11:17.768 -03:00 [INF]  HealthChecks.UI.Core.HostedService.UIInitializationHostedService: Saving healthchecks configuration to database
2026-09-11 10:11:18.183 -03:00 [WRN] 74cf94ab-40b2-4e7e-b828-d44056078e25 Microsoft.AspNetCore.HttpsPolicy.HttpsRedirectionMiddleware: Failed to determine the https port for redirect.
2026-09-11 10:11:18.204 -03:00 [INF] 74cf94ab-40b2-4e7e-b828-d44056078e25 VetFlow.API.Security.ApiKeyAuthenticationHandler: ApiKey was not authenticated. Failure message: Header 'X-Api-Key' ausente.
2026-09-11 10:11:18.340 -03:00 [INF] 74cf94ab-40b2-4e7e-b828-d44056078e25 Serilog.AspNetCore.RequestLoggingMiddleware: HTTP GET /health responded 200 in 176.7484 ms
2026-09-11 10:11:18.593 -03:00 [INF] 8e3032f0-bcf4-4a58-bb66-ede863217b2f Serilog.AspNetCore.RequestLoggingMiddleware: HTTP GET /index.html responded 200 in 215.4376 ms
2026-09-11 10:11:18.622 -03:00 [INF] ba514cfa-0456-41be-8afb-c31f9abfefd8 Serilog.AspNetCore.RequestLoggingMiddleware: HTTP GET /index.js responded 200 in 3.0902 ms
2026-09-11 10:11:19.190 -03:00 [INF] 7ee3eb1c-6d08-4fb3-a979-a341108c2cc0 Serilog.AspNetCore.RequestLoggingMiddleware: HTTP GET /swagger/v1/swagger.json responded 200 in 448.1094 ms
2026-09-11 10:11:37.621 -03:00 [INF] ac1ac098-923c-4b31-b1d7-011fe690c816 Serilog.AspNetCore.RequestLoggingMiddleware: HTTP GET /api/Appointment responded 200 in 1059.2742 ms
2026-09-11 10:11:49.109 -03:00 [INF] 6b6d4e44-a4c8-41d9-9c1d-44dcf0274a5c VetFlow.API.Security.ApiKeyAuthenticationHandler: ApiKey was not authenticated. Failure message: Header 'X-Api-Key' ausente.
2026-09-11 10:11:49.114 -03:00 [INF] 6b6d4e44-a4c8-41d9-9c1d-44dcf0274a5c Serilog.AspNetCore.RequestLoggingMiddleware: HTTP GET /health responded 200 in 6.4739 ms
2026-09-11 10:13:11.641 -03:00 [INF]  HealthChecks.UI.Core.HostedService.UIInitializationHostedService: Initializing UI Database
2026-09-11 10:13:11.934 -03:00 [INF]  HealthChecks.UI.Core.HostedService.UIInitializationHostedService: Saving healthchecks configuration to database
2026-09-11 10:13:12.422 -03:00 [WRN] 483fd072-6846-4e92-887d-a506e6f25ef2 Microsoft.AspNetCore.HttpsPolicy.HttpsRedirectionMiddleware: Failed to determine the https port for redirect.
2026-09-11 10:13:12.440 -03:00 [INF] 483fd072-6846-4e92-887d-a506e6f25ef2 VetFlow.API.Security.ApiKeyAuthenticationHandler: ApiKey was not authenticated. Failure message: Header 'X-Api-Key' ausente.
2026-09-11 10:13:12.590 -03:00 [INF] 483fd072-6846-4e92-887d-a506e6f25ef2 Serilog.AspNetCore.RequestLoggingMiddleware: HTTP GET /health responded 200 in 242.9209 ms
2026-09-11 10:13:12.806 -03:00 [INF] 6c846094-a17a-45c4-9834-6440a249cc7e Serilog.AspNetCore.RequestLoggingMiddleware: HTTP GET /index.html responded 200 in 174.6648 ms
2026-09-11 10:13:12.830 -03:00 [INF] f6224e72-555c-4864-bfcb-573a9a2f6323 Serilog.AspNetCore.RequestLoggingMiddleware: HTTP GET /index.js responded 200 in 4.1249 ms
2026-09-11 10:13:13.661 -03:00 [INF] 63043440-c13c-46b5-9dfb-c79750cd3068 Serilog.AspNetCore.RequestLoggingMiddleware: HTTP GET /swagger/v1/swagger.json responded 200 in 697.3371 ms
2026-09-11 10:13:43.665 -03:00 [INF] d5201eb8-64e6-4594-a38f-58abf039e960 VetFlow.API.Security.ApiKeyAuthenticationHandler: ApiKey was not authenticated. Failure message: Header 'X-Api-Key' ausente.
2026-09-11 10:13:43.676 -03:00 [INF] d5201eb8-64e6-4594-a38f-58abf039e960 Serilog.AspNetCore.RequestLoggingMiddleware: HTTP GET /health responded 200 in 13.8021 ms
2026-09-11 10:13:48.893 -03:00 [INF] 289a75a4-78fc-40e7-b28b-1ec0fd75812f Serilog.AspNetCore.RequestLoggingMiddleware: HTTP GET /api/Tutor responded 200 in 1045.7114 ms
2026-09-11 10:14:13.761 -03:00 [INF] edc99820-94b2-43ae-b4e1-7f0ae1d6036c VetFlow.API.Security.ApiKeyAuthenticationHandler: ApiKey was not authenticated. Failure message: Header 'X-Api-Key' ausente.
2026-09-11 10:14:13.777 -03:00 [INF] edc99820-94b2-43ae-b4e1-7f0ae1d6036c Serilog.AspNetCore.RequestLoggingMiddleware: HTTP GET /health responded 200 in 16.0044 ms
2026-09-11 10:14:38.947 -03:00 [INF] 81686569-ac59-4e23-9e39-7880248c6a72 Serilog.AspNetCore.RequestLoggingMiddleware: HTTP POST /api/Tutor responded 201 in 864.8789 ms
2026-09-11 10:14:43.830 -03:00 [INF] f3215967-f4ea-4d52-af27-231ef2d6c5e4 VetFlow.API.Security.ApiKeyAuthenticationHandler: ApiKey was not authenticated. Failure message: Header 'X-Api-Key' ausente.
2026-09-11 10:14:43.842 -03:00 [INF] f3215967-f4ea-4d52-af27-231ef2d6c5e4 Serilog.AspNetCore.RequestLoggingMiddleware: HTTP GET /health responded 200 in 12.6285 ms
2026-09-11 10:14:51.848 -03:00 [INF] 73b55e93-f604-4a66-af25-6935dc55b96b Serilog.AspNetCore.RequestLoggingMiddleware: HTTP GET /api/Tutor responded 200 in 25.9048 ms
2026-09-11 10:15:13.907 -03:00 [INF] c74c9cb5-ec58-4bab-9f51-f3403e9b5e53 VetFlow.API.Security.ApiKeyAuthenticationHandler: ApiKey was not authenticated. Failure message: Header 'X-Api-Key' ausente.
2026-09-11 10:15:13.923 -03:00 [INF] c74c9cb5-ec58-4bab-9f51-f3403e9b5e53 Serilog.AspNetCore.RequestLoggingMiddleware: HTTP GET /health responded 200 in 16.1479 ms
2026-09-11 10:15:43.968 -03:00 [INF] 76b765a0-662c-4b68-9fa9-d9353e83a039 VetFlow.API.Security.ApiKeyAuthenticationHandler: ApiKey was not authenticated. Failure message: Header 'X-Api-Key' ausente.
2026-09-11 10:15:43.989 -03:00 [INF] 76b765a0-662c-4b68-9fa9-d9353e83a039 Serilog.AspNetCore.RequestLoggingMiddleware: HTTP GET /health responded 200 in 20.8668 ms
2026-09-11 10:16:14.040 -03:00 [INF] 62782739-e0b7-4265-a5eb-7b52167dadc4 VetFlow.API.Security.ApiKeyAuthenticationHandler: ApiKey was not authenticated. Failure message: Header 'X-Api-Key' ausente.
2026-09-11 10:16:14.054 -03:00 [INF] 62782739-e0b7-4265-a5eb-7b52167dadc4 Serilog.AspNetCore.RequestLoggingMiddleware: HTTP GET /health responded 200 in 14.2602 ms
2026-09-11 10:16:44.101 -03:00 [INF] 8b055559-facd-4f59-84f5-6aeeaff3aae4 VetFlow.API.Security.ApiKeyAuthenticationHandler: ApiKey was not authenticated. Failure message: Header 'X-Api-Key' ausente.
2026-09-11 10:16:44.119 -03:00 [INF] 8b055559-facd-4f59-84f5-6aeeaff3aae4 Serilog.AspNetCore.RequestLoggingMiddleware: HTTP GET /health responded 200 in 18.2560 ms
2026-09-11 10:17:14.178 -03:00 [INF] 2a09cf67-9283-45c5-b7b8-bcd4e4ab301d VetFlow.API.Security.ApiKeyAuthenticationHandler: ApiKey was not authenticated. Failure message: Header 'X-Api-Key' ausente.
2026-09-11 10:17:14.189 -03:00 [INF] 2a09cf67-9283-45c5-b7b8-bcd4e4ab301d Serilog.AspNetCore.RequestLoggingMiddleware: HTTP GET /health responded 200 in 11.9757 ms
2026-09-11 10:17:44.231 -03:00 [INF] 4cc1c19a-f5dc-4df6-bfcd-8025330dd204 VetFlow.API.Security.ApiKeyAuthenticationHandler: ApiKey was not authenticated. Failure message: Header 'X-Api-Key' ausente.
2026-09-11 10:17:44.244 -03:00 [INF] 4cc1c19a-f5dc-4df6-bfcd-8025330dd204 Serilog.AspNetCore.RequestLoggingMiddleware: HTTP GET /health responded 200 in 14.0563 ms
2026-09-11 10:18:02.460 -03:00 [INF] a1ff04de-37d3-4f51-aba5-6c8a4e70f419 Serilog.AspNetCore.RequestLoggingMiddleware: HTTP POST /api/Pet responded 201 in 266.9586 ms
2026-09-11 10:18:11.912 -03:00 [INF] 12b7a924-b33d-46e6-b39e-af93ae7dd2f7 Serilog.AspNetCore.RequestLoggingMiddleware: HTTP GET /api/Pet responded 200 in 160.7870 ms
2026-09-11 10:18:14.271 -03:00 [INF] 0d4cdcb6-9896-4602-80d9-f7c920d14880 VetFlow.API.Security.ApiKeyAuthenticationHandler: ApiKey was not authenticated. Failure message: Header 'X-Api-Key' ausente.
2026-09-11 10:18:14.288 -03:00 [INF] 0d4cdcb6-9896-4602-80d9-f7c920d14880 Serilog.AspNetCore.RequestLoggingMiddleware: HTTP GET /health responded 200 in 16.3895 ms
2026-09-11 10:18:44.343 -03:00 [INF] 1cd6ee3e-426e-47ed-9847-5327417adc03 VetFlow.API.Security.ApiKeyAuthenticationHandler: ApiKey was not authenticated. Failure message: Header 'X-Api-Key' ausente.
2026-09-11 10:18:44.357 -03:00 [INF] 1cd6ee3e-426e-47ed-9847-5327417adc03 Serilog.AspNetCore.RequestLoggingMiddleware: HTTP GET /health responded 200 in 14.0393 ms
2026-09-11 10:19:12.484 -03:00 [INF] 8f2173c6-8023-452d-a843-d5be1818583e Serilog.AspNetCore.RequestLoggingMiddleware: HTTP POST /api/Medication responded 201 in 169.9755 ms
2026-09-11 10:19:14.405 -03:00 [INF] 012c7e9c-da8f-49a1-b6b6-9bc72b8d1113 VetFlow.API.Security.ApiKeyAuthenticationHandler: ApiKey was not authenticated. Failure message: Header 'X-Api-Key' ausente.
2026-09-11 10:19:14.424 -03:00 [INF] 012c7e9c-da8f-49a1-b6b6-9bc72b8d1113 Serilog.AspNetCore.RequestLoggingMiddleware: HTTP GET /health responded 200 in 19.7997 ms
2026-09-11 10:19:18.293 -03:00 [INF] e60005e3-5b3f-44df-aa2c-69e02bf07047 Serilog.AspNetCore.RequestLoggingMiddleware: HTTP GET /api/Medication responded 200 in 63.0216 ms
